{
  "version": "1.5.0",
  "plugins_used": [
    {
      "name": "ArtifactoryDetector"
    },
    {
      "name": "AWSKeyDetector"
    },
    {
      "name": "AzureStorageKeyDetector"
    },
    {
      "name": "Base64HighEntropyString",
      "limit": 4.5
    },
    {
      "name": "BasicAuthDetector"
    },
    {
      "name": "CloudantDetector"
    },
    {
      "name": "DiscordBotTokenDetector"
    },
    {
      "name": "GitHubTokenDetector"
    },
    {
      "name": "GitLabTokenDetector"
    },
    {
      "name": "HexHighEntropyString",
      "limit": 3.0
    },
    {
      "name": "IbmCloudIamDetector"
    },
    {
      "name": "IbmCosHmacDetector"
    },
    {
      "name": "IPPublicDetector"
    },
    {
      "name": "JwtTokenDetector"
    },
    {
      "name": "KeywordDetector",
      "keyword_exclude": ""
    },
    {
      "name": "MailchimpDetector"
    },
    {
      "name": "NpmDetector"
    },
    {
      "name": "OpenAIDetector"
    },
    {
      "name": "PrivateKeyDetector"
    },
    {
      "name": "PypiTokenDetector"
    },
    {
      "name": "SendGridDetector"
    },
    {
      "name": "SlackDetector"
    },
    {
      "name": "SoftlayerDetector"
    },
    {
      "name": "SquareOAuthDetector"
    },
    {
      "name": "StripeDetector"
    },
    {
      "name": "TelegramBotTokenDetector"
    },
    {
      "name": "TwilioKeyDetector"
    }
  ],
  "filters_used": [
    {
      "path": "detect_secrets.filters.allowlist.is_line_allowlisted"
    },
    {
      "path": "detect_secrets.filters.common.is_baseline_file",
      "filename": ".secrets.baseline"
    },
    {
      "path": "detect_secrets.filters.common.is_ignored_due_to_verification_policies",
      "min_level": 2
    },
    {
      "path": "detect_secrets.filters.heuristic.is_indirect_reference"
    },
    {
      "path": "detect_secrets.filters.heuristic.is_likely_id_string"
    },
    {
      "path": "detect_secrets.filters.heuristic.is_lock_file"
    },
    {
      "path": "detect_secrets.filters.heuristic.is_not_alphanumeric_string"
    },
    {
      "path": "detect_secrets.filters.heuristic.is_potential_uuid"
    },
    {
      "path": "detect_secrets.filters.heuristic.is_prefixed_with_dollar_sign"
    },
    {
      "path": "detect_secrets.filters.heuristic.is_sequential_string"
    },
    {
      "path": "detect_secrets.filters.heuristic.is_swagger_file"
    },
    {
      "path": "detect_secrets.filters.heuristic.is_templated_secret"
    },
    {
      "path": "detect_secrets.filters.regex.should_exclude_file",
      "pattern": [
        "(node_modules|\\.pytest_cache|\\.ruff_cache|__pycache__)/|\\.secrets\\.baseline"
      ]
    }
  ],
  "results": {
    "data/sample_cmdb_export.json": [
      {
        "type": "Hex High Entropy String",
        "filename": "data/sample_cmdb_export.json",
        "hashed_secret": "d0c68548c33cd8103fa0d603b33cc2bae471be5c",
        "is_verified": false,
        "line_number": 6306,
        "is_secret": false
      },
      {
        "type": "Hex High Entropy String",
        "filename": "data/sample_cmdb_export.json",
        "hashed_secret": "a907c8545c14619230e5d0ba7328344eef019571",
        "is_verified": false,
        "line_number": 6307,
        "is_secret": false
      },
      {
        "type": "Hex High Entropy String",
        "filename": "data/sample_cmdb_export.json",
        "hashed_secret": "af258dc6c995f0caae000ec8143ab933de7f6fc2",
        "is_verified": false,
        "line_number": 6312,
        "is_secret": false
      },
      {
        "type": "Hex High Entropy String",
        "filename": "data/sample_cmdb_export.json",
        "hashed_secret": "abc9ef36d2fbd438ebe4d91f34fc29700274268b",
        "is_verified": false,
        "line_number": 6316,
        "is_secret": false
      },
      {
        "type": "Hex High Entropy String",
        "filename": "data/sample_cmdb_export.json",
        "hashed_secret": "03ac1f3fb03127eec8f459cd76167d1e7a887073",
        "is_verified": false,
        "line_number": 6317,
        "is_secret": false
      },
      {
        "type": "Hex High Entropy String",
        "filename": "data/sample_cmdb_export.json",
        "hashed_secret": "892c8477cee9981282c7d29165321e60df2eb65d",
        "is_verified": false,
        "line_number": 6322,
        "is_secret": false
      },
      {
        "type": "Hex High Entropy String",
        "filename": "data/sample_cmdb_export.json",
        "hashed_secret": "d63de53062a3cfed7572859eff83d7361e9515ae",
        "is_verified": false,
        "line_number": 6326,
        "is_secret": false
      },
      {
        "type": "Hex High Entropy String",
        "filename": "data/sample_cmdb_export.json",
        "hashed_secret": "9aa1ba07e75edb8f19e5d1d7e1d6829fc12fcb6f",
        "is_verified": false,
        "line_number": 6327,
        "is_secret": false
      },
      {
        "type": "Hex High Entropy String",
        "filename": "data/sample_cmdb_export.json",
        "hashed_secret": "8a3a6f3854ce043e637390bc67eb54d58a0726d3",
        "is_verified": false,
        "line_number": 6332,
        "is_secret": false
      },
      {
        "type": "Hex High Entropy String",
        "filename": "data/sample_cmdb_export.json",
        "hashed_secret": "de80847fc746810a7281696ac798f49f869a1e29",
        "is_verified": false,
        "line_number": 6336,
        "is_secret": false
      },
      {
        "type": "Hex High Entropy String",
        "filename": "data/sample_cmdb_export.json",
        "hashed_secret": "b18e1007b2b6eb06f45911e97a6a195ab1edbc3b",
        "is_verified": false,
        "line_number": 6337,
        "is_secret": false
      },
      {
        "type": "Hex High Entropy String",
        "filename": "data/sample_cmdb_export.json",
        "hashed_secret": "c067695fe8c8bd155a1e33fd592175b318510ec7",
        "is_verified": false,
        "line_number": 6342,
        "is_secret": false
      },
      {
        "type": "Hex High Entropy String",
        "filename": "data/sample_cmdb_export.json",
        "hashed_secret": "da9cd76b87e3d916c00ae222dea6a9e5eb9bc3e3",
        "is_verified": false,
        "line_number": 6346,
        "is_secret": false
      },
      {
        "type": "Hex High Entropy String",
        "filename": "data/sample_cmdb_export.json",
        "hashed_secret": "e16add165ab7bb17b674d9b803ea72ac2464b8ca",
        "is_verified": false,
        "line_number": 6347,
        "is_secret": false
      },
      {
        "type": "Hex High Entropy String",
        "filename": "data/sample_cmdb_export.json",
        "hashed_secret": "00e490ba1785f3f32e53b6811f826cced27c227b",
        "is_verified": false,
        "line_number": 6352,
        "is_secret": false
      },
      {
        "type": "Hex High Entropy String",
        "filename": "data/sample_cmdb_export.json",
        "hashed_secret": "824c43c5a98528966b00bec726c56a5195726ba5",
        "is_verified": false,
        "line_number": 6356,
        "is_secret": false
      },
      {
        "type": "Hex High Entropy String",
        "filename": "data/sample_cmdb_export.json",
        "hashed_secret": "f4d4817ba04fbef64005b047d9e961b338c0462a",
        "is_verified": false,
        "line_number": 6357,
        "is_secret": false
      },
      {
        "type": "Hex High Entropy String",
        "filename": "data/sample_cmdb_export.json",
        "hashed_secret": "70dc4de9042f06f83884ffe155f1e2d9d26317b1",
        "is_verified": false,
        "line_number": 6362,
        "is_secret": false
      },
      {
        "type": "Hex High Entropy String",
        "filename": "data/sample_cmdb_export.json",
        "hashed_secret": "4d6b413aa644b9c942f80bfaa78fb89ea52722d7",
        "is_verified": false,
        "line_number": 6366,
        "is_secret": false
      },
      {
        "type": "Hex High Entropy String",
        "filename": "data/sample_cmdb_export.json",
        "hashed_secret": "c22cf094189b76820f5cab6142a9e4c78443c9dd",
        "is_verified": false,
        "line_number": 6367,
        "is_secret": false
      },
      {
        "type": "Hex High Entropy String",
        "filename": "data/sample_cmdb_export.json",
        "hashed_secret": "e5ba76a04e6a2647804666e5ac6d3989a1993421",
        "is_verified": false,
        "line_number": 6372,
        "is_secret": false
      },
      {
        "type": "Hex High Entropy String",
        "filename": "data/sample_cmdb_export.json",
        "hashed_secret": "93f1ef2a91bd80475bf8f7eac63ed8c830056690",
        "is_verified": false,
        "line_number": 6376,
        "is_secret": false
      },
      {
        "type": "Hex High Entropy String",
        "filename": "data/sample_cmdb_export.json",
        "hashed_secret": "68cf10903a071df3355f87489bb30c3524d56f90",
        "is_verified": false,
        "line_number": 6377,
        "is_secret": false
      },
      {
        "type": "Hex High Entropy String",
        "filename": "data/sample_cmdb_export.json",
        "hashed_secret": "81a0dd811d698bab56dbb4fdf13225a68dc471ea",
        "is_verified": false,
        "line_number": 6382,
        "is_secret": false
      },
      {
        "type": "Hex High Entropy String",
        "filename": "data/sample_cmdb_export.json",
        "hashed_secret": "3d8e543fd8da9d1ef08a120ac2dada76c1f9430f",
        "is_verified": false,
        "line_number": 6386,
        "is_secret": false
      },
      {
        "type": "Hex High Entropy String",
        "filename": "data/sample_cmdb_export.json",
        "hashed_secret": "a56435dbd5e91a859c5f78b8cbd93d3d8aef28df",
        "is_verified": false,
        "line_number": 6387,
        "is_secret": false
      },
      {
        "type": "Hex High Entropy String",
        "filename": "data/sample_cmdb_export.json",
        "hashed_secret": "532645a325df9c035156692244f9b8ba76065938",
        "is_verified": false,
        "line_number": 6392,
        "is_secret": false
      },
      {
        "type": "Hex High Entropy String",
        "filename": "data/sample_cmdb_export.json",
        "hashed_secret": "46e34c22ba729a64390ead7c349dedce2311e422",
        "is_verified": false,
        "line_number": 6396,
        "is_secret": false
      },
      {
        "type": "Hex High Entropy String",
        "filename": "data/sample_cmdb_export.json",
        "hashed_secret": "76d0bf50664629c0e280472f405fe97fa3b5b469",
        "is_verified": false,
        "line_number": 6397,
        "is_secret": false
      },
      {
        "type": "Hex High Entropy String",
        "filename": "data/sample_cmdb_export.json",
        "hashed_secret": "02dc9662cac68c63e0f730ce512bf6a28f142c03",
        "is_verified": false,
        "line_number": 6402,
        "is_secret": false
      },
      {
        "type": "Hex High Entropy String",
        "filename": "data/sample_cmdb_export.json",
        "hashed_secret": "86514e64a674295078a3e761fe019c0c881df8b7",
        "is_verified": false,
        "line_number": 6406,
        "is_secret": false
      },
      {
        "type": "Hex High Entropy String",
        "filename": "data/sample_cmdb_export.json",
        "hashed_secret": "449a8bbdc12c6a9e69945dbd8aeb53a1a3926911",
        "is_verified": false,
        "line_number": 6407,
        "is_secret": false
      },
      {
        "type": "Hex High Entropy String",
        "filename": "data/sample_cmdb_export.json",
        "hashed_secret": "51c99133b62fe97709704a642c007e0db47e71ac",
        "is_verified": false,
        "line_number": 6412,
        "is_secret": false
      },
      {
        "type": "Hex High Entropy String",
        "filename": "data/sample_cmdb_export.json",
        "hashed_secret": "e2d79a1fc72b0c8fc2cb05377b680da3d13d2498",
        "is_verified": false,
        "line_number": 6417,
        "is_secret": false
      },
      {
        "type": "Hex High Entropy String",
        "filename": "data/sample_cmdb_export.json",
        "hashed_secret": "72599ee2cf69dabf96df6db96caa54fabeaf3e7c",
        "is_verified": false,
        "line_number": 6422,
        "is_secret": false
      },
      {
        "type": "Hex High Entropy String",
        "filename": "data/sample_cmdb_export.json",
        "hashed_secret": "1c176237cbf38b5ba1296432e907085a5c745fd7",
        "is_verified": false,
        "line_number": 6427,
        "is_secret": false
      },
      {
        "type": "Hex High Entropy String",
        "filename": "data/sample_cmdb_export.json",
        "hashed_secret": "0c2a63a64040bc83399d52c7038f19e4cc9d7abf",
        "is_verified": false,
        "line_number": 6432,
        "is_secret": false
      },
      {
        "type": "Hex High Entropy String",
        "filename": "data/sample_cmdb_export.json",
        "hashed_secret": "b2793a7e4064c94fa98030c04b8f1c2df0f3b38a",
        "is_verified": false,
        "line_number": 6437,
        "is_secret": false
      },
      {
        "type": "Hex High Entropy String",
        "filename": "data/sample_cmdb_export.json",
        "hashed_secret": "214370bb697f6fa654d5a048eda243f0ffcb3966",
        "is_verified": false,
        "line_number": 6442,
        "is_secret": false
      },
      {
        "type": "Hex High Entropy String",
        "filename": "data/sample_cmdb_export.json",
        "hashed_secret": "e83de98b8277ed0437ce8efdd17c1196ec098746",
        "is_verified": false,
        "line_number": 6447,
        "is_secret": false
      },
      {
        "type": "Hex High Entropy String",
        "filename": "data/sample_cmdb_export.json",
        "hashed_secret": "2f78f03a8421f6dafce96df99a59be5d1ea27939",
        "is_verified": false,
        "line_number": 6452,
        "is_secret": false
      },
      {
        "type": "Hex High Entropy String",
        "filename": "data/sample_cmdb_export.json",
        "hashed_secret": "9e45d3d66d6bb28a454ba56d8e8bb11a1ae0a879",
        "is_verified": false,
        "line_number": 6457,
        "is_secret": false
      },
      {
        "type": "Hex High Entropy String",
        "filename": "data/sample_cmdb_export.json",
        "hashed_secret": "13e6048dc4745828f18ddb26d17fd50e7476390f",
        "is_verified": false,
        "line_number": 6462,
        "is_secret": false
      },
      {
        "type": "Hex High Entropy String",
        "filename": "data/sample_cmdb_export.json",
        "hashed_secret": "99013a8b6a90bdda4dc4dcb382ab6f20d68a251a",
        "is_verified": false,
        "line_number": 6467,
        "is_secret": false
      },
      {
        "type": "Hex High Entropy String",
        "filename": "data/sample_cmdb_export.json",
        "hashed_secret": "4a906d666a6a0c0aa9c78cdb7f19c5cbdd510a25",
        "is_verified": false,
        "line_number": 6472,
        "is_secret": false
      },
      {
        "type": "Hex High Entropy String",
        "filename": "data/sample_cmdb_export.json",
        "hashed_secret": "2d605b78e6b1e954948c4af58882eb6161ac9ec1",
        "is_verified": false,
        "line_number": 6477,
        "is_secret": false
      },
      {
        "type": "Hex High Entropy String",
        "filename": "data/sample_cmdb_export.json",
        "hashed_secret": "ffc6e68fef53d09a423f21b0ac8a44dd4d23d0b2",
        "is_verified": false,
        "line_number": 6482,
        "is_secret": false
      },
      {
        "type": "Hex High Entropy String",
        "filename": "data/sample_cmdb_export.json",
        "hashed_secret": "131f71d24b844e555222c041b43697190a9eb042",
        "is_verified": false,
        "line_number": 6487,
        "is_secret": false
      },
      {
        "type": "Hex High Entropy String",
        "filename": "data/sample_cmdb_export.json",
        "hashed_secret": "ef301f2f16c4a79886b2e4dff20a67b17c79c244",
        "is_verified": false,
        "line_number": 6492,
        "is_secret": false
      },
      {
        "type": "Hex High Entropy String",
        "filename": "data/sample_cmdb_export.json",
        "hashed_secret": "4cc1cfcdd4566e86ed5b5476d1fa56f9ae880e59",
        "is_verified": false,
        "line_number": 6497,
        "is_secret": false
      },
      {
        "type": "Hex High Entropy String",
        "filename": "data/sample_cmdb_export.json",
        "hashed_secret": "d8f765208710da67d513ae92624a8df5f14f11c1",
        "is_verified": false,
        "line_number": 6502,
        "is_secret": false
      },
      {
        "type": "Hex High Entropy String",
        "filename": "data/sample_cmdb_export.json",
        "hashed_secret": "66b8a5c316b173a2684f0fcb307ae6b0d3e31d51",
        "is_verified": false,
        "line_number": 6507,
        "is_secret": false
      },
      {
        "type": "Hex High Entropy String",
        "filename": "data/sample_cmdb_export.json",
        "hashed_secret": "963bf6eb4b9d46a31dbddb322121388fa4a024b4",
        "is_verified": false,
        "line_number": 6512,
        "is_secret": false
      },
      {
        "type": "Hex High Entropy String",
        "filename": "data/sample_cmdb_export.json",
        "hashed_secret": "b982c31c3bd0c15a82f983a5460ae13f6f344e41",
        "is_verified": false,
        "line_number": 6516,
        "is_secret": false
      },
      {
        "type": "Hex High Entropy String",
        "filename": "data/sample_cmdb_export.json",
        "hashed_secret": "93a60f373070e5464ef21fa9b336050a8eaeccfd",
        "is_verified": false,
        "line_number": 6517,
        "is_secret": false
      },
      {
        "type": "Hex High Entropy String",
        "filename": "data/sample_cmdb_export.json",
        "hashed_secret": "da23ce4e0f84b5294a46e8446a982735d20085bf",
        "is_verified": false,
        "line_number": 6521,
        "is_secret": false
      },
      {
        "type": "Hex High Entropy String",
        "filename": "data/sample_cmdb_export.json",
        "hashed_secret": "6ceb4e0c19310e8c4ef98bc3bdb549e053d0b61c",
        "is_verified": false,
        "line_number": 6522,
        "is_secret": false
      },
      {
        "type": "Hex High Entropy String",
        "filename": "data/sample_cmdb_export.json",
        "hashed_secret": "6c25b94055e8724d6b25d608df4a253a681a5e82",
        "is_verified": false,
        "line_number": 6527,
        "is_secret": false
      },
      {
        "type": "Hex High Entropy String",
        "filename": "data/sample_cmdb_export.json",
        "hashed_secret": "a12b28d661f4803b184847d6fd6a9355a81df51c",
        "is_verified": false,
        "line_number": 6532,
        "is_secret": false
      },
      {
        "type": "Hex High Entropy String",
        "filename": "data/sample_cmdb_export.json",
        "hashed_secret": "d7021f062fb45838f22d4550a1db53c91271a189",
        "is_verified": false,
        "line_number": 6537,
        "is_secret": false
      },
      {
        "type": "Hex High Entropy String",
        "filename": "data/sample_cmdb_export.json",
        "hashed_secret": "8f1a0d870ccb2e2ca7e6309f9e8ff9b4782b0856",
        "is_verified": false,
        "line_number": 6542,
        "is_secret": false
      },
      {
        "type": "Hex High Entropy String",
        "filename": "data/sample_cmdb_export.json",
        "hashed_secret": "528ecd681baf0630cae755e69637a946154c1056",
        "is_verified": false,
        "line_number": 6547,
        "is_secret": false
      },
      {
        "type": "Hex High Entropy String",
        "filename": "data/sample_cmdb_export.json",
        "hashed_secret": "9e08162f04c2d0831ebbcd83f5031aae3ce6bc44",
        "is_verified": false,
        "line_number": 6552,
        "is_secret": false
      },
      {
        "type": "Hex High Entropy String",
        "filename": "data/sample_cmdb_export.json",
        "hashed_secret": "8744bb30aa92723cb425af4ad907693909e5237c",
        "is_verified": false,
        "line_number": 6557,
        "is_secret": false
      },
      {
        "type": "Hex High Entropy String",
        "filename": "data/sample_cmdb_export.json",
        "hashed_secret": "4aebd5343db834f8461700006b524352d2482211",
        "is_verified": false,
        "line_number": 6562,
        "is_secret": false
      },
      {
        "type": "Hex High Entropy String",
        "filename": "data/sample_cmdb_export.json",
        "hashed_secret": "8a179f48cba0a2a9518a6b8f5c6bec9dc36858a2",
        "is_verified": false,
        "line_number": 6567,
        "is_secret": false
      },
      {
        "type": "Hex High Entropy String",
        "filename": "data/sample_cmdb_export.json",
        "hashed_secret": "bf75d9b8340a740c33390c1426b7714eae4dc8b6",
        "is_verified": false,
        "line_number": 6572,
        "is_secret": false
      },
      {
        "type": "Hex High Entropy String",
        "filename": "data/sample_cmdb_export.json",
        "hashed_secret": "fb2356d0554cbd0a6e1b7186dca3e250e22cbfb4",
        "is_verified": false,
        "line_number": 6577,
        "is_secret": false
      },
      {
        "type": "Hex High Entropy String",
        "filename": "data/sample_cmdb_export.json",
        "hashed_secret": "64ba9b40dfe105b1d287c4b78b2ecd1b56b99335",
        "is_verified": false,
        "line_number": 6582,
        "is_secret": false
      },
      {
        "type": "Hex High Entropy String",
        "filename": "data/sample_cmdb_export.json",
        "hashed_secret": "e254453db7068574911e2c7cfbd873a0725d5078",
        "is_verified": false,
        "line_number": 6587,
        "is_secret": false
      },
      {
        "type": "Hex High Entropy String",
        "filename": "data/sample_cmdb_export.json",
        "hashed_secret": "10eedd3fc2be84a53bd69a31e463b965d15924ee",
        "is_verified": false,
        "line_number": 6592,
        "is_secret": false
      },
      {
        "type": "Hex High Entropy String",
        "filename": "data/sample_cmdb_export.json",
        "hashed_secret": "7b83ef8854d49f92934dbb5ff2e7af0a5decd7a0",
        "is_verified": false,
        "line_number": 6597,
        "is_secret": false
      },
      {
        "type": "Hex High Entropy String",
        "filename": "data/sample_cmdb_export.json",
        "hashed_secret": "3ad6e6d9d8e49f52b0a73815832b3627c970bf04",
        "is_verified": false,
        "line_number": 6602,
        "is_secret": false
      },
      {
        "type": "Hex High Entropy String",
        "filename": "data/sample_cmdb_export.json",
        "hashed_secret": "b3fc38b60117967b7e0b879a699de2d6f662c059",
        "is_verified": false,
        "line_number": 6607,
        "is_secret": false
      },
      {
        "type": "Hex High Entropy String",
        "filename": "data/sample_cmdb_export.json",
        "hashed_secret": "2b3648d3cba459e3fa49de4526db3e62523c7536",
        "is_verified": false,
        "line_number": 6612,
        "is_secret": false
      },
      {
        "type": "Hex High Entropy String",
        "filename": "data/sample_cmdb_export.json",
        "hashed_secret": "6d0378363e0ec5fc0fba671ba3ab3ee7eb70c465",
        "is_verified": false,
        "line_number": 6617,
        "is_secret": false
      },
      {
        "type": "Hex High Entropy String",
        "filename": "data/sample_cmdb_export.json",
        "hashed_secret": "d2825cc1ebf66dde675fdec85b81d311b14d0fef",
        "is_verified": false,
        "line_number": 6622,
        "is_secret": false
      },
      {
        "type": "Hex High Entropy String",
        "filename": "data/sample_cmdb_export.json",
        "hashed_secret": "3cdabdfd3b009bb43b614a9f27b1284aaf422c50",
        "is_verified": false,
        "line_number": 6627,
        "is_secret": false
      },
      {
        "type": "Hex High Entropy String",
        "filename": "data/sample_cmdb_export.json",
        "hashed_secret": "4c64969893261e8c2bfab7f2f04630c1027e8a36",
        "is_verified": false,
        "line_number": 6632,
        "is_secret": false
      },
      {
        "type": "Hex High Entropy String",
        "filename": "data/sample_cmdb_export.json",
        "hashed_secret": "533e5f64775c66780f126a4816cc0e22e581ad66",
        "is_verified": false,
        "line_number": 6637,
        "is_secret": false
      },
      {
        "type": "Hex High Entropy String",
        "filename": "data/sample_cmdb_export.json",
        "hashed_secret": "256c62d2f1b79bf8e0f12b386ba78d96f49319e5",
        "is_verified": false,
        "line_number": 6642,
        "is_secret": false
      },
      {
        "type": "Hex High Entropy String",
        "filename": "data/sample_cmdb_export.json",
        "hashed_secret": "792925e76e49d4c56ac183504f6b487bf8999849",
        "is_verified": false,
        "line_number": 6647,
        "is_secret": false
      },
      {
        "type": "Hex High Entropy String",
        "filename": "data/sample_cmdb_export.json",
        "hashed_secret": "684dab66dac9d4bf59ef5e1df9850e9cb3f6ff33",
        "is_verified": false,
        "line_number": 6652,
        "is_secret": false
      },
      {
        "type": "Hex High Entropy String",
        "filename": "data/sample_cmdb_export.json",
        "hashed_secret": "1d80a942b1e398dbad1ac51dbab02a8640b4b5a9",
        "is_verified": false,
        "line_number": 6657,
        "is_secret": false
      },
      {
        "type": "Hex High Entropy String",
        "filename": "data/sample_cmdb_export.json",
        "hashed_secret": "39d9bf5af37c14b6437e943e2350e4031db2125c",
        "is_verified": false,
        "line_number": 6662,
        "is_secret": false
      },
      {
        "type": "Hex High Entropy String",
        "filename": "data/sample_cmdb_export.json",
        "hashed_secret": "e9bee71fa550c828183fbebae0ac13a216165670",
        "is_verified": false,
        "line_number": 6667,
        "is_secret": false
      },
      {
        "type": "Hex High Entropy String",
        "filename": "data/sample_cmdb_export.json",
        "hashed_secret": "044f7226e72e4bc40e06cb5755044e1488702636",
        "is_verified": false,
        "line_number": 6672,
        "is_secret": false
      },
      {
        "type": "Hex High Entropy String",
        "filename": "data/sample_cmdb_export.json",
        "hashed_secret": "cae5f312911ccd4bd9c6912eee9508f4b75a670c",
        "is_verified": false,
        "line_number": 6677,
        "is_secret": false
      },
      {
        "type": "Hex High Entropy String",
        "filename": "data/sample_cmdb_export.json",
        "hashed_secret": "e60ea9065aee613164c901b1d42d29f3ad4636a5",
        "is_verified": false,
        "line_number": 6682,
        "is_secret": false
      },
      {
        "type": "Hex High Entropy String",
        "filename": "data/sample_cmdb_export.json",
        "hashed_secret": "f8324f5c78c472d725faf893479b1fa51496b5e4",
        "is_verified": false,
        "line_number": 6687,
        "is_secret": false
      },
      {
        "type": "Hex High Entropy String",
        "filename": "data/sample_cmdb_export.json",
        "hashed_secret": "963cdf3addc06da48ac5ccb6e99ae0d28cdb75fc",
        "is_verified": false,
        "line_number": 6692,
        "is_secret": false
      },
      {
        "type": "Hex High Entropy String",
        "filename": "data/sample_cmdb_export.json",
        "hashed_secret": "42a17bcad0cf1f1e967a431b5b558272feff57a9",
        "is_verified": false,
        "line_number": 6697,
        "is_secret": false
      },
      {
        "type": "Hex High Entropy String",
        "filename": "data/sample_cmdb_export.json",
        "hashed_secret": "e686a9987a07b73b4103b5431c3687635e80964b",
        "is_verified": false,
        "line_number": 6702,
        "is_secret": false
      },
      {
        "type": "Hex High Entropy String",
        "filename": "data/sample_cmdb_export.json",
        "hashed_secret": "e59c77eaafc1031bffcfe692d9cee26b2715e55e",
        "is_verified": false,
        "line_number": 6707,
        "is_secret": false
      },
      {
        "type": "Hex High Entropy String",
        "filename": "data/sample_cmdb_export.json",
        "hashed_secret": "03d9b45154991c7f9d58b7dc27cc8319441bdfc0",
        "is_verified": false,
        "line_number": 6712,
        "is_secret": false
      },
      {
        "type": "Hex High Entropy String",
        "filename": "data/sample_cmdb_export.json",
        "hashed_secret": "1df09ca87c9108f2d0ef2bef1324828d44cf0cd6",
        "is_verified": false,
        "line_number": 6717,
        "is_secret": false
      },
      {
        "type": "Hex High Entropy String",
        "filename": "data/sample_cmdb_export.json",
        "hashed_secret": "f52d1328c969b579616dde5760776559e030cff4",
        "is_verified": false,
        "line_number": 6722,
        "is_secret": false
      },
      {
        "type": "Hex High Entropy String",
        "filename": "data/sample_cmdb_export.json",
        "hashed_secret": "74f839536618cde48e5e9d814b4be2fa7644093a",
        "is_verified": false,
        "line_number": 6727,
        "is_secret": false
      },
      {
        "type": "Hex High Entropy String",
        "filename": "data/sample_cmdb_export.json",
        "hashed_secret": "7f3c6ee28fd4df1fccee019b7901340da41cd48c",
        "is_verified": false,
        "line_number": 6732,
        "is_secret": false
      },
      {
        "type": "Hex High Entropy String",
        "filename": "data/sample_cmdb_export.json",
        "hashed_secret": "1aad9ce10a306349007469f64436cf157fcc974e",
        "is_verified": false,
        "line_number": 6737,
        "is_secret": false
      },
      {
        "type": "Hex High Entropy String",
        "filename": "data/sample_cmdb_export.json",
        "hashed_secret": "26a0f6d970a734a8590c9f032c4a5eb568008b7b",
        "is_verified": false,
        "line_number": 6742,
        "is_secret": false
      },
      {
        "type": "Hex High Entropy String",
        "filename": "data/sample_cmdb_export.json",
        "hashed_secret": "edab80f902748de6f39fc8b5d40d1092c35e3203",
        "is_verified": false,
        "line_number": 6747,
        "is_secret": false
      },
      {
        "type": "Hex High Entropy String",
        "filename": "data/sample_cmdb_export.json",
        "hashed_secret": "bea13271e963938d75900a71c027ac7115aa48f1",
        "is_verified": false,
        "line_number": 6752,
        "is_secret": false
      },
      {
        "type": "Hex High Entropy String",
        "filename": "data/sample_cmdb_export.json",
        "hashed_secret": "a38b1614a11dcd0dee28d1f284c5876e99ebb322",
        "is_verified": false,
        "line_number": 6757,
        "is_secret": false
      },
      {
        "type": "Hex High Entropy String",
        "filename": "data/sample_cmdb_export.json",
        "hashed_secret": "5388f2d44f1ffdb619ff8a2435e5d3e8a8557441",
        "is_verified": false,
        "line_number": 6762,
        "is_secret": false
      },
      {
        "type": "Hex High Entropy String",
        "filename": "data/sample_cmdb_export.json",
        "hashed_secret": "43873a7bda9a43547e9eed4a0bfb5c18d38769af",
        "is_verified": false,
        "line_number": 6767,
        "is_secret": false
      },
      {
        "type": "Hex High Entropy String",
        "filename": "data/sample_cmdb_export.json",
        "hashed_secret": "99f863bedad7f0b98c83effb52f511f6c97d1f49",
        "is_verified": false,
        "line_number": 6772,
        "is_secret": false
      },
      {
        "type": "Hex High Entropy String",
        "filename": "data/sample_cmdb_export.json",
        "hashed_secret": "edddf2767f36116ea2c5d33a47809ac41c276ac1",
        "is_verified": false,
        "line_number": 6777,
        "is_secret": false
      },
      {
        "type": "Hex High Entropy String",
        "filename": "data/sample_cmdb_export.json",
        "hashed_secret": "4bdcaece592b7b00772dbd975e440b44dd3ce095",
        "is_verified": false,
        "line_number": 6782,
        "is_secret": false
      },
      {
        "type": "Hex High Entropy String",
        "filename": "data/sample_cmdb_export.json",
        "hashed_secret": "f24f8406913f8a84e70b2ab0144db8448181ec30",
        "is_verified": false,
        "line_number": 6787,
        "is_secret": false
      },
      {
        "type": "Hex High Entropy String",
        "filename": "data/sample_cmdb_export.json",
        "hashed_secret": "08bdc684189da7daca76d8f8b12aa16be92c6f04",
        "is_verified": false,
        "line_number": 6792,
        "is_secret": false
      },
      {
        "type": "Hex High Entropy String",
        "filename": "data/sample_cmdb_export.json",
        "hashed_secret": "d7e73a633fd9f891edba6768306d98955470e9e2",
        "is_verified": false,
        "line_number": 6797,
        "is_secret": false
      },
      {
        "type": "Hex High Entropy String",
        "filename": "data/sample_cmdb_export.json",
        "hashed_secret": "c996345252a8c5a58b449553aa39304857fc0f05",
        "is_verified": false,
        "line_number": 6802,
        "is_secret": false
      },
      {
        "type": "Hex High Entropy String",
        "filename": "data/sample_cmdb_export.json",
        "hashed_secret": "1d16c63295adc761515bf1e73929134d13a21b41",
        "is_verified": false,
        "line_number": 6807,
        "is_secret": false
      },
      {
        "type": "Hex High Entropy String",
        "filename": "data/sample_cmdb_export.json",
        "hashed_secret": "e448074709bce3bf9511c0737397eebcb12670d4",
        "is_verified": false,
        "line_number": 6812,
        "is_secret": false
      },
      {
        "type": "Hex High Entropy String",
        "filename": "data/sample_cmdb_export.json",
        "hashed_secret": "31cc1d78b272b200ac57effe113174b5e2a9cedb",
        "is_verified": false,
        "line_number": 6817,
        "is_secret": false
      },
      {
        "type": "Hex High Entropy String",
        "filename": "data/sample_cmdb_export.json",
        "hashed_secret": "c39c81e5b6aac9f995293865f9c9b13391ac6d35",
        "is_verified": false,
        "line_number": 6822,
        "is_secret": false
      },
      {
        "type": "Hex High Entropy String",
        "filename": "data/sample_cmdb_export.json",
        "hashed_secret": "5499f7061c3248e30d932deaec9de57f84aeeea1",
        "is_verified": false,
        "line_number": 6827,
        "is_secret": false
      },
      {
        "type": "Hex High Entropy String",
        "filename": "data/sample_cmdb_export.json",
        "hashed_secret": "133cfba8c3d7baf94d9fa93e6c5f624a3054bee0",
        "is_verified": false,
        "line_number": 6832,
        "is_secret": false
      },
      {
        "type": "Hex High Entropy String",
        "filename": "data/sample_cmdb_export.json",
        "hashed_secret": "fa42a224dbda7ac4503ca662b609f8fe8bfb74e8",
        "is_verified": false,
        "line_number": 6837,
        "is_secret": false
      },
      {
        "type": "Hex High Entropy String",
        "filename": "data/sample_cmdb_export.json",
        "hashed_secret": "3df6db4bba0d78897b6a566ed5edbf073fbce702",
        "is_verified": false,
        "line_number": 6842,
        "is_secret": false
      },
      {
        "type": "Hex High Entropy String",
        "filename": "data/sample_cmdb_export.json",
        "hashed_secret": "02d970ab3ec6a085f98d7346a3109a22caa9e49e",
        "is_verified": false,
        "line_number": 6847,
        "is_secret": false
      },
      {
        "type": "Hex High Entropy String",
        "filename": "data/sample_cmdb_export.json",
        "hashed_secret": "72c64a6d11bbdc49dee802d3b972971346787b9a",
        "is_verified": false,
        "line_number": 6852,
        "is_secret": false
      },
      {
        "type": "Hex High Entropy String",
        "filename": "data/sample_cmdb_export.json",
        "hashed_secret": "3f2eb88a654a84beaf77aa2def75448c6b4bdc00",
        "is_verified": false,
        "line_number": 6857,
        "is_secret": false
      },
      {
        "type": "Hex High Entropy String",
        "filename": "data/sample_cmdb_export.json",
        "hashed_secret": "b06ff2ecaf6190d3ebc69b346d8b78da0fd99c69",
        "is_verified": false,
        "line_number": 6862,
        "is_secret": false
      },
      {
        "type": "Hex High Entropy String",
        "filename": "data/sample_cmdb_export.json",
        "hashed_secret": "48929ceb390080d005853c97915663807c510720",
        "is_verified": false,
        "line_number": 6867,
        "is_secret": false
      },
      {
        "type": "Hex High Entropy String",
        "filename": "data/sample_cmdb_export.json",
        "hashed_secret": "b99a684a5eb169373c55afc835bf3f46c989cd44",
        "is_verified": false,
        "line_number": 6872,
        "is_secret": false
      },
      {
        "type": "Hex High Entropy String",
        "filename": "data/sample_cmdb_export.json",
        "hashed_secret": "e6dd584516769e6283c7b84ea8ab939a30566659",
        "is_verified": false,
        "line_number": 6877,
        "is_secret": false
      },
      {
        "type": "Hex High Entropy String",
        "filename": "data/sample_cmdb_export.json",
        "hashed_secret": "a850d207aadf0532b3d79d9346dff00fccb19b15",
        "is_verified": false,
        "line_number": 6882,
        "is_secret": false
      },
      {
        "type": "Hex High Entropy String",
        "filename": "data/sample_cmdb_export.json",
        "hashed_secret": "c46ae5bd024c5964cfe85a6d4248ed93fa205640",
        "is_verified": false,
        "line_number": 6887,
        "is_secret": false
      },
      {
        "type": "Hex High Entropy String",
        "filename": "data/sample_cmdb_export.json",
        "hashed_secret": "366203053f811e389039a9e28f56d763164d942f",
        "is_verified": false,
        "line_number": 6892,
        "is_secret": false
      },
      {
        "type": "Hex High Entropy String",
        "filename": "data/sample_cmdb_export.json",
        "hashed_secret": "5752fed19cafb19cd0d416bfa3d9f5e70450694c",
        "is_verified": false,
        "line_number": 6897,
        "is_secret": false
      },
      {
        "type": "Hex High Entropy String",
        "filename": "data/sample_cmdb_export.json",
        "hashed_secret": "6dd0861dfb49d383d2965d18c68761330635be1f",
        "is_verified": false,
        "line_number": 6902,
        "is_secret": false
      },
      {
        "type": "Hex High Entropy String",
        "filename": "data/sample_cmdb_export.json",
        "hashed_secret": "111534e798ae5f9a41c1e8d672b565fb3058be34",
        "is_verified": false,
        "line_number": 6907,
        "is_secret": false
      },
      {
        "type": "Hex High Entropy String",
        "filename": "data/sample_cmdb_export.json",
        "hashed_secret": "0503b79d3687862245e477deb9500b9674fcccab",
        "is_verified": false,
        "line_number": 6912,
        "is_secret": false
      },
      {
        "type": "Hex High Entropy String",
        "filename": "data/sample_cmdb_export.json",
        "hashed_secret": "ed5f07d8c998ec69603acafcdb112dc2a2a9e119",
        "is_verified": false,
        "line_number": 6917,
        "is_secret": false
      },
      {
        "type": "Hex High Entropy String",
        "filename": "data/sample_cmdb_export.json",
        "hashed_secret": "6d5df1e051c87a90d6eda762b94de2e9be639763",
        "is_verified": false,
        "line_number": 6922,
        "is_secret": false
      },
      {
        "type": "Hex High Entropy String",
        "filename": "data/sample_cmdb_export.json",
        "hashed_secret": "16cf1e3e641dc5eacaa0246c7812c38042d50c36",
        "is_verified": false,
        "line_number": 6927,
        "is_secret": false
      },
      {
        "type": "Hex High Entropy String",
        "filename": "data/sample_cmdb_export.json",
        "hashed_secret": "a449c480edacd4fe94adc68b4c860799f078b7f5",
        "is_verified": false,
        "line_number": 6932,
        "is_secret": false
      },
      {
        "type": "Hex High Entropy String",
        "filename": "data/sample_cmdb_export.json",
        "hashed_secret": "27ef767eac068c0a4da578aed10235e37681ac2e",
        "is_verified": false,
        "line_number": 6937,
        "is_secret": false
      },
      {
        "type": "Hex High Entropy String",
        "filename": "data/sample_cmdb_export.json",
        "hashed_secret": "ad567d246a8af233cde891eb738e726401d70c01",
        "is_verified": false,
        "line_number": 6942,
        "is_secret": false
      },
      {
        "type": "Hex High Entropy String",
        "filename": "data/sample_cmdb_export.json",
        "hashed_secret": "888daa7f4f55add663961971d29c5ed118c70b7f",
        "is_verified": false,
        "line_number": 6947,
        "is_secret": false
      },
      {
        "type": "Hex High Entropy String",
        "filename": "data/sample_cmdb_export.json",
        "hashed_secret": "ec4650f8bf8ced629ff5e6ef5d13d38880005a5f",
        "is_verified": false,
        "line_number": 6952,
        "is_secret": false
      },
      {
        "type": "Hex High Entropy String",
        "filename": "data/sample_cmdb_export.json",
        "hashed_secret": "25e2e4fe37f21196df0525d39b1d2ff2ad461e83",
        "is_verified": false,
        "line_number": 6957,
        "is_secret": false
      },
      {
        "type": "Hex High Entropy String",
        "filename": "data/sample_cmdb_export.json",
        "hashed_secret": "eb9c74118a95cd597c33a39607261f05cf165628",
        "is_verified": false,
        "line_number": 6962,
        "is_secret": false
      },
      {
        "type": "Hex High Entropy String",
        "filename": "data/sample_cmdb_export.json",
        "hashed_secret": "135e114ced6bc6577d74ab4771fbf00ae83c4112",
        "is_verified": false,
        "line_number": 6967,
        "is_secret": false
      },
      {
        "type": "Hex High Entropy String",
        "filename": "data/sample_cmdb_export.json",
        "hashed_secret": "7586c10eec20bc9c23a6021bde1dfc22d18cace8",
        "is_verified": false,
        "line_number": 6972,
        "is_secret": false
      },
      {
        "type": "Hex High Entropy String",
        "filename": "data/sample_cmdb_export.json",
        "hashed_secret": "0752b601d1e8d23a1a2ebbf1eef47e42e173c905",
        "is_verified": false,
        "line_number": 6977,
        "is_secret": false
      },
      {
        "type": "Hex High Entropy String",
        "filename": "data/sample_cmdb_export.json",
        "hashed_secret": "ec3a3c80da960e446ebd00048c6f838b9994e7dd",
        "is_verified": false,
        "line_number": 6982,
        "is_secret": false
      },
      {
        "type": "Hex High Entropy String",
        "filename": "data/sample_cmdb_export.json",
        "hashed_secret": "21d34e4777f2fd57e6c54fb437d65b87657e6fc2",
        "is_verified": false,
        "line_number": 6987,
        "is_secret": false
      },
      {
        "type": "Hex High Entropy String",
        "filename": "data/sample_cmdb_export.json",
        "hashed_secret": "08377adc71ccb8c9d737ed6da3662fa890e9f6a1",
        "is_verified": false,
        "line_number": 6992,
        "is_secret": false
      },
      {
        "type": "Hex High Entropy String",
        "filename": "data/sample_cmdb_export.json",
        "hashed_secret": "8063fc5b95d97b0834acfb9955b3ab8a2fbde572",
        "is_verified": false,
        "line_number": 6997,
        "is_secret": false
      },
      {
        "type": "Hex High Entropy String",
        "filename": "data/sample_cmdb_export.json",
        "hashed_secret": "a875dedd806c868230cd55e28bf5637a06634e03",
        "is_verified": false,
        "line_number": 7002,
        "is_secret": false
      },
      {
        "type": "Hex High Entropy String",
        "filename": "data/sample_cmdb_export.json",
        "hashed_secret": "15ff94d2916f9afaf9aa42016d08d56f7f6f66fa",
        "is_verified": false,
        "line_number": 7007,
        "is_secret": false
      },
      {
        "type": "Hex High Entropy String",
        "filename": "data/sample_cmdb_export.json",
        "hashed_secret": "f01aaeadc23ea891eb4e3784cd48747bab215c24",
        "is_verified": false,
        "line_number": 7012,
        "is_secret": false
      },
      {
        "type": "Hex High Entropy String",
        "filename": "data/sample_cmdb_export.json",
        "hashed_secret": "03e68322e37623e8ce64d3e0674713f1e07e216a",
        "is_verified": false,
        "line_number": 7017,
        "is_secret": false
      },
      {
        "type": "Hex High Entropy String",
        "filename": "data/sample_cmdb_export.json",
        "hashed_secret": "a1adacb3e01022afed7d4240dd0d4f086c663608",
        "is_verified": false,
        "line_number": 7022,
        "is_secret": false
      },
      {
        "type": "Hex High Entropy String",
        "filename": "data/sample_cmdb_export.json",
        "hashed_secret": "191e79626cc07dc1f46fa0deed6f79e56f306234",
        "is_verified": false,
        "line_number": 7027,
        "is_secret": false
      },
      {
        "type": "Hex High Entropy String",
        "filename": "data/sample_cmdb_export.json",
        "hashed_secret": "c909556163d641fb45c4855129be07e3155b96e8",
        "is_verified": false,
        "line_number": 7032,
        "is_secret": false
      },
      {
        "type": "Hex High Entropy String",
        "filename": "data/sample_cmdb_export.json",
        "hashed_secret": "37f40885dc18416252fb09aa6889e7e4ab7ffa35",
        "is_verified": false,
        "line_number": 7037,
        "is_secret": false
      },
      {
        "type": "Hex High Entropy String",
        "filename": "data/sample_cmdb_export.json",
        "hashed_secret": "80e824befda598d96f2f2373502c068cfe8b612c",
        "is_verified": false,
        "line_number": 7042,
        "is_secret": false
      },
      {
        "type": "Hex High Entropy String",
        "filename": "data/sample_cmdb_export.json",
        "hashed_secret": "722298d8f98b0163ff4d275bb1951d0a9ca4f048",
        "is_verified": false,
        "line_number": 7047,
        "is_secret": false
      },
      {
        "type": "Hex High Entropy String",
        "filename": "data/sample_cmdb_export.json",
        "hashed_secret": "59bb4df45299678f293f99939d35a5238df60829",
        "is_verified": false,
        "line_number": 7052,
        "is_secret": false
      },
      {
        "type": "Hex High Entropy String",
        "filename": "data/sample_cmdb_export.json",
        "hashed_secret": "4390325f3580079e8f88c80675f94751c0768c2e",
        "is_verified": false,
        "line_number": 7057,
        "is_secret": false
      },
      {
        "type": "Hex High Entropy String",
        "filename": "data/sample_cmdb_export.json",
        "hashed_secret": "51d4722180bcf9fa5762ef7725cb34f39b23c765",
        "is_verified": false,
        "line_number": 7062,
        "is_secret": false
      },
      {
        "type": "Hex High Entropy String",
        "filename": "data/sample_cmdb_export.json",
        "hashed_secret": "f66a9f1e7932ff833e34c9af6bca9e544405e44d",
        "is_verified": false,
        "line_number": 7067,
        "is_secret": false
      },
      {
        "type": "Hex High Entropy String",
        "filename": "data/sample_cmdb_export.json",
        "hashed_secret": "980de9156eea620b0f835251d2175d4d69edf9c0",
        "is_verified": false,
        "line_number": 7072,
        "is_secret": false
      },
      {
        "type": "Hex High Entropy String",
        "filename": "data/sample_cmdb_export.json",
        "hashed_secret": "fc437296f7c7ef1838a77ecf418d2ecfde232776",
        "is_verified": false,
        "line_number": 7077,
        "is_secret": false
      },
      {
        "type": "Hex High Entropy String",
        "filename": "data/sample_cmdb_export.json",
        "hashed_secret": "0caa6cbc90a2efc54cc1a8f1529ae4de81669bb6",
        "is_verified": false,
        "line_number": 7082,
        "is_secret": false
      },
      {
        "type": "Hex High Entropy String",
        "filename": "data/sample_cmdb_export.json",
        "hashed_secret": "20a700ad9536d564383f9e0c952e49c3753e8b78",
        "is_verified": false,
        "line_number": 7087,
        "is_secret": false
      },
      {
        "type": "Hex High Entropy String",
        "filename": "data/sample_cmdb_export.json",
        "hashed_secret": "3dcae251426848d08d715ec7972a19854f165952",
        "is_verified": false,
        "line_number": 7092,
        "is_secret": false
      },
      {
        "type": "Hex High Entropy String",
        "filename": "data/sample_cmdb_export.json",
        "hashed_secret": "a9ab4106773f0521470063a0443aba87b7ce5d2d",
        "is_verified": false,
        "line_number": 7097,
        "is_secret": false
      },
      {
        "type": "Hex High Entropy String",
        "filename": "data/sample_cmdb_export.json",
        "hashed_secret": "51b7b532bc2791e4f080bff1ff05a0a0e0af522b",
        "is_verified": false,
        "line_number": 7102,
        "is_secret": false
      },
      {
        "type": "Hex High Entropy String",
        "filename": "data/sample_cmdb_export.json",
        "hashed_secret": "178e8d54a1dfedf4b3323d8cded98b7f2b3c4bd6",
        "is_verified": false,
        "line_number": 7107,
        "is_secret": false
      },
      {
        "type": "Hex High Entropy String",
        "filename": "data/sample_cmdb_export.json",
        "hashed_secret": "326f8bfba54054732398a7d11b1e2b448a51dd23",
        "is_verified": false,
        "line_number": 7112,
        "is_secret": false
      },
      {
        "type": "Hex High Entropy String",
        "filename": "data/sample_cmdb_export.json",
        "hashed_secret": "c35b80da9a7011cb23899ca90bd0958d7f3f9174",
        "is_verified": false,
        "line_number": 7117,
        "is_secret": false
      },
      {
        "type": "Hex High Entropy String",
        "filename": "data/sample_cmdb_export.json",
        "hashed_secret": "eb295ce027975e7400cc3fa219d25a09d5d1bcde",
        "is_verified": false,
        "line_number": 7122,
        "is_secret": false
      },
      {
        "type": "Hex High Entropy String",
        "filename": "data/sample_cmdb_export.json",
        "hashed_secret": "09dd2c24b1ded5fba82a88011471fabcd55ef90d",
        "is_verified": false,
        "line_number": 7127,
        "is_secret": false
      },
      {
        "type": "Hex High Entropy String",
        "filename": "data/sample_cmdb_export.json",
        "hashed_secret": "2731c1a89b0dd314d909a1182746841bee360484",
        "is_verified": false,
        "line_number": 7132,
        "is_secret": false
      },
      {
        "type": "Hex High Entropy String",
        "filename": "data/sample_cmdb_export.json",
        "hashed_secret": "5b7f104049fa8295b57f140b47fb6e8c7096b5df",
        "is_verified": false,
        "line_number": 7137,
        "is_secret": false
      },
      {
        "type": "Hex High Entropy String",
        "filename": "data/sample_cmdb_export.json",
        "hashed_secret": "c4c547291cfe449dcb051f88348fb4b71be57ef7",
        "is_verified": false,
        "line_number": 7142,
        "is_secret": false
      },
      {
        "type": "Hex High Entropy String",
        "filename": "data/sample_cmdb_export.json",
        "hashed_secret": "18264faaa5887d763b3a68b93c63d608eb502de8",
        "is_verified": false,
        "line_number": 7147,
        "is_secret": false
      },
      {
        "type": "Hex High Entropy String",
        "filename": "data/sample_cmdb_export.json",
        "hashed_secret": "67ab669405d08ad7af7251b8ab872cd8063e5ebb",
        "is_verified": false,
        "line_number": 7152,
        "is_secret": false
      },
      {
        "type": "Hex High Entropy String",
        "filename": "data/sample_cmdb_export.json",
        "hashed_secret": "11194601a3197105cf720f098b9da1737f60b023",
        "is_verified": false,
        "line_number": 7157,
        "is_secret": false
      },
      {
        "type": "Hex High Entropy String",
        "filename": "data/sample_cmdb_export.json",
        "hashed_secret": "34ea84be40744ca07733ecbd24b8fcb1dd8118fd",
        "is_verified": false,
        "line_number": 7162,
        "is_secret": false
      },
      {
        "type": "Hex High Entropy String",
        "filename": "data/sample_cmdb_export.json",
        "hashed_secret": "a68ad9b92f7daca3cf358b294db4012ef21a9c93",
        "is_verified": false,
        "line_number": 7167,
        "is_secret": false
      },
      {
        "type": "Hex High Entropy String",
        "filename": "data/sample_cmdb_export.json",
        "hashed_secret": "7c7398413df9f28dbd6a495072eaebeccda03ba7",
        "is_verified": false,
        "line_number": 7172,
        "is_secret": false
      },
      {
        "type": "Hex High Entropy String",
        "filename": "data/sample_cmdb_export.json",
        "hashed_secret": "4d52aaf290da0ca410f7670777e6c88001a20b92",
        "is_verified": false,
        "line_number": 7177,
        "is_secret": false
      },
      {
        "type": "Hex High Entropy String",
        "filename": "data/sample_cmdb_export.json",
        "hashed_secret": "67a9907518585ffd07623bcdba762b4ef4c7cda9",
        "is_verified": false,
        "line_number": 7182,
        "is_secret": false
      },
      {
        "type": "Hex High Entropy String",
        "filename": "data/sample_cmdb_export.json",
        "hashed_secret": "39843a85d4906fca1e8f7c8d26736989d084ee60",
        "is_verified": false,
        "line_number": 7187,
        "is_secret": false
      },
      {
        "type": "Hex High Entropy String",
        "filename": "data/sample_cmdb_export.json",
        "hashed_secret": "067be3f54d3a7d156811d3a1bf7cbf6cc9ddc5a2",
        "is_verified": false,
        "line_number": 7192,
        "is_secret": false
      },
      {
        "type": "Hex High Entropy String",
        "filename": "data/sample_cmdb_export.json",
        "hashed_secret": "4e97bf0d0f3f682bc8a8b36284b4fa7a765c2f6b",
        "is_verified": false,
        "line_number": 7197,
        "is_secret": false
      },
      {
        "type": "Hex High Entropy String",
        "filename": "data/sample_cmdb_export.json",
        "hashed_secret": "bb8033e9bf5fe65d7db06d48d0494508c72c80bd",
        "is_verified": false,
        "line_number": 7202,
        "is_secret": false
      },
      {
        "type": "Hex High Entropy String",
        "filename": "data/sample_cmdb_export.json",
        "hashed_secret": "9d641de7d3f125198c6dff45549f9352cdfb8940",
        "is_verified": false,
        "line_number": 7207,
        "is_secret": false
      },
      {
        "type": "Hex High Entropy String",
        "filename": "data/sample_cmdb_export.json",
        "hashed_secret": "ea82c3aec47bf2f33d2112c7c09f4e90a687f397",
        "is_verified": false,
        "line_number": 7212,
        "is_secret": false
      },
      {
        "type": "Hex High Entropy String",
        "filename": "data/sample_cmdb_export.json",
        "hashed_secret": "af27613ca17a27736b98f5d22a0160feaaf12ce9",
        "is_verified": false,
        "line_number": 7217,
        "is_secret": false
      },
      {
        "type": "Hex High Entropy String",
        "filename": "data/sample_cmdb_export.json",
        "hashed_secret": "c874c333bc043ef20d999b2bdfc581e9712c1056",
        "is_verified": false,
        "line_number": 7222,
        "is_secret": false
      },
      {
        "type": "Hex High Entropy String",
        "filename": "data/sample_cmdb_export.json",
        "hashed_secret": "77834cc2ad9dd851ebe7abf35cab950036573973",
        "is_verified": false,
        "line_number": 7227,
        "is_secret": false
      },
      {
        "type": "Hex High Entropy String",
        "filename": "data/sample_cmdb_export.json",
        "hashed_secret": "47d512d0cabde5d2d15fb0253709cad7fcfb0e82",
        "is_verified": false,
        "line_number": 7232,
        "is_secret": false
      },
      {
        "type": "Hex High Entropy String",
        "filename": "data/sample_cmdb_export.json",
        "hashed_secret": "c2174ec165b7500e657595e475e509e181e6826d",
        "is_verified": false,
        "line_number": 7237,
        "is_secret": false
      },
      {
        "type": "Hex High Entropy String",
        "filename": "data/sample_cmdb_export.json",
        "hashed_secret": "efd0624b42ed88c2ac4d4aee9e33847549d31c6f",
        "is_verified": false,
        "line_number": 7242,
        "is_secret": false
      },
      {
        "type": "Hex High Entropy String",
        "filename": "data/sample_cmdb_export.json",
        "hashed_secret": "46e771f38cfee827302563f2dfbdd63984cdf837",
        "is_verified": false,
        "line_number": 7247,
        "is_secret": false
      },
      {
        "type": "Hex High Entropy String",
        "filename": "data/sample_cmdb_export.json",
        "hashed_secret": "8bee8059e64a40d4ba5c940a7347b4b313a37ce1",
        "is_verified": false,
        "line_number": 7252,
        "is_secret": false
      },
      {
        "type": "Hex High Entropy String",
        "filename": "data/sample_cmdb_export.json",
        "hashed_secret": "ea47e0b1fd3d5d4777beef9e59ce2c4813a7fff0",
        "is_verified": false,
        "line_number": 7257,
        "is_secret": false
      },
      {
        "type": "Hex High Entropy String",
        "filename": "data/sample_cmdb_export.json",
        "hashed_secret": "39e61cc90bea2d3868198ae06998a71e2f50bd62",
        "is_verified": false,
        "line_number": 7262,
        "is_secret": false
      },
      {
        "type": "Hex High Entropy String",
        "filename": "data/sample_cmdb_export.json",
        "hashed_secret": "905b675b0ca841c20079d380778ac838b5f0460e",
        "is_verified": false,
        "line_number": 7267,
        "is_secret": false
      },
      {
        "type": "Hex High Entropy String",
        "filename": "data/sample_cmdb_export.json",
        "hashed_secret": "9c1770185efb7b58e5782d6214d6773a7dd12ce1",
        "is_verified": false,
        "line_number": 7272,
        "is_secret": false
      },
      {
        "type": "Hex High Entropy String",
        "filename": "data/sample_cmdb_export.json",
        "hashed_secret": "aaf541fb6e5af4ad0411b2ae9c12c45a6d72cf4f",
        "is_verified": false,
        "line_number": 7277,
        "is_secret": false
      },
      {
        "type": "Hex High Entropy String",
        "filename": "data/sample_cmdb_export.json",
        "hashed_secret": "832f5ccfcd8a82b2ff7e8da6e70d518995e8c63c",
        "is_verified": false,
        "line_number": 7282,
        "is_secret": false
      },
      {
        "type": "Hex High Entropy String",
        "filename": "data/sample_cmdb_export.json",
        "hashed_secret": "30c9d57ab1a45426ac1a670d965c77f13f8257a6",
        "is_verified": false,
        "line_number": 7287,
        "is_secret": false
      },
      {
        "type": "Hex High Entropy String",
        "filename": "data/sample_cmdb_export.json",
        "hashed_secret": "e303ad9ff7e39326600bd28612d80ba1a0adcf23",
        "is_verified": false,
        "line_number": 7292,
        "is_secret": false
      },
      {
        "type": "Hex High Entropy String",
        "filename": "data/sample_cmdb_export.json",
        "hashed_secret": "557c7e789f55a9b498b92b95d9ce71f4ca37af9c",
        "is_verified": false,
        "line_number": 7297,
        "is_secret": false
      },
      {
        "type": "Hex High Entropy String",
        "filename": "data/sample_cmdb_export.json",
        "hashed_secret": "cdd13056627d345ad725f4d1748a883db3274033",
        "is_verified": false,
        "line_number": 7302,
        "is_secret": false
      },
      {
        "type": "Hex High Entropy String",
        "filename": "data/sample_cmdb_export.json",
        "hashed_secret": "8b1d73bcd1bb5a41aa27b378baaa6eeb26f93fa9",
        "is_verified": false,
        "line_number": 7307,
        "is_secret": false
      },
      {
        "type": "Hex High Entropy String",
        "filename": "data/sample_cmdb_export.json",
        "hashed_secret": "c0f0a3c1b83835ef8fbd69eebec1a942fba221cb",
        "is_verified": false,
        "line_number": 7312,
        "is_secret": false
      },
      {
        "type": "Hex High Entropy String",
        "filename": "data/sample_cmdb_export.json",
        "hashed_secret": "1fb7102a6663aff210264cef9c9b53f78878ce18",
        "is_verified": false,
        "line_number": 7317,
        "is_secret": false
      },
      {
        "type": "Hex High Entropy String",
        "filename": "data/sample_cmdb_export.json",
        "hashed_secret": "5a6709cfb45d723c3bfba8d7a04a11842acf797d",
        "is_verified": false,
        "line_number": 7322,
        "is_secret": false
      },
      {
        "type": "Hex High Entropy String",
        "filename": "data/sample_cmdb_export.json",
        "hashed_secret": "8ccf050075c254e48becdcedc096fa62801937fb",
        "is_verified": false,
        "line_number": 7327,
        "is_secret": false
      },
      {
        "type": "Hex High Entropy String",
        "filename": "data/sample_cmdb_export.json",
        "hashed_secret": "a26e490623b32d020a5847e454a4ce4c76a8897c",
        "is_verified": false,
        "line_number": 7332,
        "is_secret": false
      },
      {
        "type": "Hex High Entropy String",
        "filename": "data/sample_cmdb_export.json",
        "hashed_secret": "22639c978572f7f5f7ab7b13183dd687b3259d74",
        "is_verified": false,
        "line_number": 7337,
        "is_secret": false
      },
      {
        "type": "Hex High Entropy String",
        "filename": "data/sample_cmdb_export.json",
        "hashed_secret": "668392d9ed8fee0a90a199c440823142f3eb1694",
        "is_verified": false,
        "line_number": 7342,
        "is_secret": false
      },
      {
        "type": "Hex High Entropy String",
        "filename": "data/sample_cmdb_export.json",
        "hashed_secret": "4bb64c221c6c783624e1238e31a3c57eadd4f7a9",
        "is_verified": false,
        "line_number": 7347,
        "is_secret": false
      },
      {
        "type": "Hex High Entropy String",
        "filename": "data/sample_cmdb_export.json",
        "hashed_secret": "d96f0e560e1c341961925fa53ff1b138e0f9e6ea",
        "is_verified": false,
        "line_number": 7352,
        "is_secret": false
      },
      {
        "type": "Hex High Entropy String",
        "filename": "data/sample_cmdb_export.json",
        "hashed_secret": "44aaf05b2299ea5a8397951de4e58fc53a7a35e2",
        "is_verified": false,
        "line_number": 7357,
        "is_secret": false
      },
      {
        "type": "Hex High Entropy String",
        "filename": "data/sample_cmdb_export.json",
        "hashed_secret": "ac45dba6f44807fb64221014287412d40d41b513",
        "is_verified": false,
        "line_number": 7362,
        "is_secret": false
      },
      {
        "type": "Hex High Entropy String",
        "filename": "data/sample_cmdb_export.json",
        "hashed_secret": "902d311f5bb6a5f09b5db1d9f1d82797cc647a52",
        "is_verified": false,
        "line_number": 7367,
        "is_secret": false
      },
      {
        "type": "Hex High Entropy String",
        "filename": "data/sample_cmdb_export.json",
        "hashed_secret": "845c0f17364a8174a2dd91729a9e91416b618c2a",
        "is_verified": false,
        "line_number": 7372,
        "is_secret": false
      },
      {
        "type": "Hex High Entropy String",
        "filename": "data/sample_cmdb_export.json",
        "hashed_secret": "92c4615215f71fce8fbcfc2e38b579fcf997f1d6",
        "is_verified": false,
        "line_number": 7377,
        "is_secret": false
      },
      {
        "type": "Hex High Entropy String",
        "filename": "data/sample_cmdb_export.json",
        "hashed_secret": "735a22546a29ec1f7e1f0b6a1907596923f81c4b",
        "is_verified": false,
        "line_number": 7382,
        "is_secret": false
      },
      {
        "type": "Hex High Entropy String",
        "filename": "data/sample_cmdb_export.json",
        "hashed_secret": "519367f3da0e25c3e8ada12a20072f63c075c976",
        "is_verified": false,
        "line_number": 7387,
        "is_secret": false
      },
      {
        "type": "Hex High Entropy String",
        "filename": "data/sample_cmdb_export.json",
        "hashed_secret": "2493901155aef5fd644dbf120d389c70d282c570",
        "is_verified": false,
        "line_number": 7392,
        "is_secret": false
      },
      {
        "type": "Hex High Entropy String",
        "filename": "data/sample_cmdb_export.json",
        "hashed_secret": "ae22bdee9e17a130df4ba533acc5656458e91b2e",
        "is_verified": false,
        "line_number": 7397,
        "is_secret": false
      },
      {
        "type": "Hex High Entropy String",
        "filename": "data/sample_cmdb_export.json",
        "hashed_secret": "ae310d574f5471dcbd964271862f407b60781dcf",
        "is_verified": false,
        "line_number": 7402,
        "is_secret": false
      },
      {
        "type": "Hex High Entropy String",
        "filename": "data/sample_cmdb_export.json",
        "hashed_secret": "e3141258a2fef88f40dc9e1e2fd018d2b0a72ef2",
        "is_verified": false,
        "line_number": 7407,
        "is_secret": false
      },
      {
        "type": "Hex High Entropy String",
        "filename": "data/sample_cmdb_export.json",
        "hashed_secret": "d941957af0ec930d4b05ba08e703810a4ba42e1c",
        "is_verified": false,
        "line_number": 7412,
        "is_secret": false
      },
      {
        "type": "Hex High Entropy String",
        "filename": "data/sample_cmdb_export.json",
        "hashed_secret": "db3fe5761b91a2b99e5939af570733d4995a6772",
        "is_verified": false,
        "line_number": 7417,
        "is_secret": false
      },
      {
        "type": "Hex High Entropy String",
        "filename": "data/sample_cmdb_export.json",
        "hashed_secret": "a9f4f12e0355c2b613cecc05f13cd34de1dfb747",
        "is_verified": false,
        "line_number": 7422,
        "is_secret": false
      },
      {
        "type": "Hex High Entropy String",
        "filename": "data/sample_cmdb_export.json",
        "hashed_secret": "7ad4ab3979a440e4a7b5ef1dd822087eec1a4bde",
        "is_verified": false,
        "line_number": 7427,
        "is_secret": false
      },
      {
        "type": "Hex High Entropy String",
        "filename": "data/sample_cmdb_export.json",
        "hashed_secret": "1a2209bca889702925ab6b851d355c808dd708e4",
        "is_verified": false,
        "line_number": 7432,
        "is_secret": false
      },
      {
        "type": "Hex High Entropy String",
        "filename": "data/sample_cmdb_export.json",
        "hashed_secret": "336370266175fe94c5aa96ee132eb4b2a8764cae",
        "is_verified": false,
        "line_number": 7437,
        "is_secret": false
      },
      {
        "type": "Hex High Entropy String",
        "filename": "data/sample_cmdb_export.json",
        "hashed_secret": "41f6c1e1118b8e316b1b77810066e77c47c0092e",
        "is_verified": false,
        "line_number": 7442,
        "is_secret": false
      },
      {
        "type": "Hex High Entropy String",
        "filename": "data/sample_cmdb_export.json",
        "hashed_secret": "b51b6ef01a3b25851a678647cc5b221bfb45436f",
        "is_verified": false,
        "line_number": 7447,
        "is_secret": false
      },
      {
        "type": "Hex High Entropy String",
        "filename": "data/sample_cmdb_export.json",
        "hashed_secret": "a55b0695cdc98e01613132561673b655ca2cc336",
        "is_verified": false,
        "line_number": 7452,
        "is_secret": false
      },
      {
        "type": "Hex High Entropy String",
        "filename": "data/sample_cmdb_export.json",
        "hashed_secret": "87c5da45ee7d6b6b09d0e8d731a892e3abbe33b1",
        "is_verified": false,
        "line_number": 7457,
        "is_secret": false
      },
      {
        "type": "Hex High Entropy String",
        "filename": "data/sample_cmdb_export.json",
        "hashed_secret": "24008d6c2eb69012ce624388c148e6f4c6169324",
        "is_verified": false,
        "line_number": 7462,
        "is_secret": false
      },
      {
        "type": "Hex High Entropy String",
        "filename": "data/sample_cmdb_export.json",
        "hashed_secret": "10d24f915ac09e31543b0219f051f1c29b930933",
        "is_verified": false,
        "line_number": 7467,
        "is_secret": false
      },
      {
        "type": "Hex High Entropy String",
        "filename": "data/sample_cmdb_export.json",
        "hashed_secret": "ca1cbee252a367a8bb8118b36ef62cc1d0307b2c",
        "is_verified": false,
        "line_number": 7472,
        "is_secret": false
      },
      {
        "type": "Hex High Entropy String",
        "filename": "data/sample_cmdb_export.json",
        "hashed_secret": "b5896f53687ab3d0c51d0f1f60ab44fdf6fd44fc",
        "is_verified": false,
        "line_number": 7477,
        "is_secret": false
      },
      {
        "type": "Hex High Entropy String",
        "filename": "data/sample_cmdb_export.json",
        "hashed_secret": "2bf8778f233dbab1f134bcc094ccc432f5d7042e",
        "is_verified": false,
        "line_number": 7482,
        "is_secret": false
      },
      {
        "type": "Hex High Entropy String",
        "filename": "data/sample_cmdb_export.json",
        "hashed_secret": "1ce9408c34a34ada4b836496d8b151b94df47bab",
        "is_verified": false,
        "line_number": 7487,
        "is_secret": false
      },
      {
        "type": "Hex High Entropy String",
        "filename": "data/sample_cmdb_export.json",
        "hashed_secret": "07942fd311a9dd5b230a70da953ec6d8dc5d6f5f",
        "is_verified": false,
        "line_number": 7492,
        "is_secret": false
      }
    ]
  },
  "generated_at": "2026-10-06T17:27:53Z"
}
